Welcome to the Emacs shell

~/projects/exercises/abstract_algebra $ git stattus
git: 'stattus' is not a git command. See 'git --help'.

The most similar command is
	status
~/projects/exercises/abstract_algebra [1] $ git status
On branch master
Your branch is up to date with 'origin/master'.

Changes not staged for commit:
  (use "git add <file>..." to update what will be committed)
  (use "git restore <file>..." to discard changes in working directory)
	modified:   abstract_algebra.pdf
	modified:   abstract_algebra.tex

no changes added to commit (use "git add" and/or "git commit -a")
~/projects/exercises/abstract_algebra $ git add 
Nothing specified, nothing added.
hint: Maybe you wanted to say 'git add .'?
hint: Disable this message with "git con.fig set advice.addEmptyPathspec false"
~/projects/exercises/abstract_algebra $ git add .
~/projects/exercises/abstract_algebra $ git commit -m "Finally finished a dreaded one"
[master cd96b3e] Finally finished a dreaded one
 2 files changed, 16 insertions(+), 6 deletions(-)
~/projects/exercises/abstract_algebra $ git push 
Enumerating objects: 9, done.
Counting objects: 100% (9/9), done.
Delta compression using up to 16 threads
Compressing objects: 100% (5/5), done.
Writing objects: 100% (5/5), 20.22 KiB | 2.53 MiB/s, done.
Total 5 (delta 3), reused 0 (delta 0), pack-reused 0 (from 0)
To evgens.site:~/exercises
   e7c0278..cd96b3e  master -> master
~/projects/exercises/abstract_algebra $ git push hub
Enumerating objects: 9, done.
Counting objects: 100% (9/9), done.
Delta compression using up to 16 threads
Compressing objects: 100% (5/5), done.
Writing objects: 100% (5/5), 20.22 KiB | 2.53 MiB/s, done.
Total 5 (delta 3), reused 0 (delta 0), pack-reused 0 (from 0)
remote: Resolving deltas: 100% (3/3), completed with 3 local objects.        
To github.com:g4ps/exercises.git
   e7c0278..cd96b3e  master -> master
~/projects/exercises/abstract_algebra $ 